// Jest Snapshot v1, https://goo.gl/fbAQLP

exports[`API exports API 1`] = `
Array [
  "createJsonEditor",
  "createFunctionModuleEditor",
  "createModuleEditor",
  "MakefileEditor",
  "Scaffolder",
  "populateQueue",
  "isUniqueTask",
  "isValidTask",
  "withOptions",
  "choose",
  "getIntendedInput",
  "getVersions",
  "install",
  "uninstall",
  "BabelConfigModuleEditor",
  "EslintConfigModuleEditor",
  "PackageJsonEditor",
  "BsConfigJsonEditor",
  "PostcssConfigEditor",
  "PurgecssConfigEditor",
  "RollupConfigEditor",
  "WebpackConfigEditor",
  "dict",
  "parse",
  "maybeApply",
  "getBinDirectory",
  "format",
  "someDoExist",
  "someDoExistSync",
  "allDoExist",
  "allDoExistSync",
  "allDoNotExist",
  "allDoNotExistSync",
]
`;
